[jackfirst-bcb76a.ingress-florina.ewp.live/indexba53.html]
[backblue.gif]
[fade.gif]
[index.html]
[jackfirst-bcb76a.ingress-florina.ewp.live/indexd784.html]
[jackfirst-bcb76a.ingress-florina.ewp.live/indexa6da.html]
[jackfirst-bcb76a.ingress-florina.ewp.live/wp-includes/blocks/navigation/style.min9704.css]
[jackfirst-bcb76a.ingress-florina.ewp.live/index76cc.html]
[jackfirst-bcb76a.ingress-florina.ewp.live/wp-includes/js/jquery/jquery.minf43b.js]
[jackfirst-bcb76a.ingress-florina.ewp.live/wp-includes/js/jquery/jquery-migrate.min5589.js]
[jackfirst-bcb76a.ingress-florina.ewp.live/index52f0.json]
[jackfirst-bcb76a.ingress-florina.ewp.live/index2c39.json]
[jackfirst-bcb76a.ingress-florina.ewp.live/xmlrpc0db0.php]
[jackfirst-bcb76a.ingress-florina.ewp.live/index89d8.json]
[jackfirst-bcb76a.ingress-florina.ewp.live/index49b7.php]
[jackfirst-bcb76a.ingress-florina.ewp.live/wp-includes/js/dist/script-modules/block-library/navigation/view.minf7ab.js]
[jackfirst-bcb76a.ingress-florina.ewp.live/wp-includes/js/dist/script-modules/interactivity/index.min563f.js]
[jackfirst-bcb76a.ingress-florina.ewp.live/wp-content/themes/twentytwentyfour/assets/fonts/inter/Inter-VariableFont_slnt,wght.woff2]
[jackfirst-bcb76a.ingress-florina.ewp.live/wp-content/themes/twentytwentyfour/assets/fonts/cardo/cardo_normal_400.woff2]
[jackfirst-bcb76a.ingress-florina.ewp.live/wp-content/themes/twentytwentyfour/assets/fonts/cardo/cardo_italic_400.woff2]
[jackfirst-bcb76a.ingress-florina.ewp.live/wp-content/themes/twentytwentyfour/assets/fonts/cardo/cardo_normal_700.woff2]
[jackfirst-bcb76a.ingress-florina.ewp.live/index.html]
[jackfirst-bcb76a.ingress-florina.ewp.live/wp-content/plugins/tokenico-cryptocurrency-token-launchpad-presale-ico-ido-airdrop/assets/js/main7406.js]
[jackfirst-bcb76a.ingress-florina.ewp.live/indexba53.html]
[jackfirst-bcb76a.ingress-florina.ewp.live/wp-includes/blocks/navigation/style.min9704.css]
[jackfirst-bcb76a.ingress-florina.ewp.live/index905b.html]
[jackfirst-bcb76a.ingress-florina.ewp.live/wp-includes/blocks/image/style.min9704.css]
[jackfirst-bcb76a.ingress-florina.ewp.live/wp-content/plugins/tokenico-cryptocurrency-token-launchpad-presale-ico-ido-airdrop/assets/js/app7406.js]
[jackfirst-bcb76a.ingress-florina.ewp.live/wp-content/themes/twentytwentyfour/assets/images/building-exterior.webp]
[jackfirst-bcb76a.ingress-florina.ewp.live/wp-content/themes/twentytwentyfour/assets/images/tourist-and-building.webp]
[jackfirst-bcb76a.ingress-florina.ewp.live/wp-content/themes/twentytwentyfour/assets/images/windows.webp]
[jackfirst-bcb76a.ingress-florina.ewp.live/index.html]
[jackfirst-bcb76a.ingress-florina.ewp.live/wp-includes/blocks/image/style.min9704.css]
[jackfirst-bcb76a.ingress-florina.ewp.live/indexcd64.html]
[jackfirst-bcb76a.ingress-florina.ewp.live/indexcd64.html]
[jackfirst-bcb76a.ingress-florina.ewp.live/indexcff1.html]
[jackfirst-bcb76a.ingress-florina.ewp.live/indexb31a.html]
[jackfirst-bcb76a.ingress-florina.ewp.live/indexd47e.json]
[jackfirst-bcb76a.ingress-florina.ewp.live/index6fed.json]
[jackfirst-bcb76a.ingress-florina.ewp.live/index67b0.php]
[jackfirst-bcb76a.ingress-florina.ewp.live/indexcff1.html]
[jackfirst-bcb76a.ingress-florina.ewp.live/indexfb7a.json]
[jackfirst-bcb76a.ingress-florina.ewp.live/indexb31a.html]
[jackfirst-bcb76a.ingress-florina.ewp.live/wp-includes/css/dist/block-library/common.min9704.css]
[jackfirst-bcb76a.ingress-florina.ewp.live/indexe539.html]
[jackfirst-bcb76a.ingress-florina.ewp.live/wp-includes/css/dist/block-library/common.min9704.css]
[jackfirst-bcb76a.ingress-florina.ewp.live/index78a0.html]
[jackfirst-bcb76a.ingress-florina.ewp.live/indexce84.php]
[jackfirst-bcb76a.ingress-florina.ewp.live/index7e31.html]
[jackfirst-bcb76a.ingress-florina.ewp.live/wp-includes/js/comment-reply.min9704.js]
[jackfirst-bcb76a.ingress-florina.ewp.live/index301c.html]
